[INFO] Scanning for projects...
[INFO] 
[INFO] --< com.betterprojectsfaster.tutorial.jhipsterdocker:my-simple-shop >---
[INFO] Building My Simple Shop 0.0.1-SNAPSHOT
[INFO] --------------------------------[ jar ]---------------------------------
[INFO] 
[INFO] --- liquibase-maven-plugin:4.3.5:update (default-cli) @ my-simple-shop ---
[INFO] ------------------------------------------------------------------------
[INFO] Loading artifacts into URLClassLoader
[INFO]   artifact: file:/Users/robert.mcroy/.m2/repository/tech/jhipster/jhipster-framework/7.1.0/jhipster-framework-7.1.0.jar
[INFO]   artifact: file:/Users/robert.mcroy/.m2/repository/org/springframework/spring-context-support/5.3.8/spring-context-support-5.3.8.jar
[INFO]   artifact: file:/Users/robert.mcroy/.m2/repository/org/springframework/boot/spring-boot-starter-validation/2.4.7/spring-boot-starter-validation-2.4.7.jar
[INFO]   artifact: file:/Users/robert.mcroy/.m2/repository/org/springframework/boot/spring-boot-autoconfigure/2.4.7/spring-boot-autoconfigure-2.4.7.jar
[INFO]   artifact: file:/Users/robert.mcroy/.m2/repository/org/springframework/boot/spring-boot-starter-aop/2.4.7/spring-boot-starter-aop-2.4.7.jar
[INFO]   artifact: file:/Users/robert.mcroy/.m2/repository/org/aspectj/aspectjweaver/1.9.6/aspectjweaver-1.9.6.jar
[INFO]   artifact: file:/Users/robert.mcroy/.m2/repository/net/logstash/logback/logstash-logback-encoder/6.6/logstash-logback-encoder-6.6.jar
[INFO]   artifact: file:/Users/robert.mcroy/.m2/repository/javax/annotation/javax.annotation-api/1.3.2/javax.annotation-api-1.3.2.jar
[INFO]   artifact: file:/Users/robert.mcroy/.m2/repository/org/springframework/boot/spring-boot-starter-cache/2.4.7/spring-boot-starter-cache-2.4.7.jar
[INFO]   artifact: file:/Users/robert.mcroy/.m2/repository/org/springframework/boot/spring-boot-starter/2.4.7/spring-boot-starter-2.4.7.jar
[INFO]   artifact: file:/Users/robert.mcroy/.m2/repository/jakarta/annotation/jakarta.annotation-api/1.3.5/jakarta.annotation-api-1.3.5.jar
[INFO]   artifact: file:/Users/robert.mcroy/.m2/repository/org/yaml/snakeyaml/1.27/snakeyaml-1.27.jar
[INFO]   artifact: file:/Users/robert.mcroy/.m2/repository/com/fasterxml/jackson/module/jackson-module-jaxb-annotations/2.11.4/jackson-module-jaxb-annotations-2.11.4.jar
[INFO]   artifact: file:/Users/robert.mcroy/.m2/repository/com/fasterxml/jackson/core/jackson-annotations/2.11.4/jackson-annotations-2.11.4.jar
[INFO]   artifact: file:/Users/robert.mcroy/.m2/repository/com/fasterxml/jackson/core/jackson-core/2.11.4/jackson-core-2.11.4.jar
[INFO]   artifact: file:/Users/robert.mcroy/.m2/repository/com/fasterxml/jackson/core/jackson-databind/2.11.4/jackson-databind-2.11.4.jar
[INFO]   artifact: file:/Users/robert.mcroy/.m2/repository/jakarta/xml/bind/jakarta.xml.bind-api/2.3.3/jakarta.xml.bind-api-2.3.3.jar
[INFO]   artifact: file:/Users/robert.mcroy/.m2/repository/jakarta/activation/jakarta.activation-api/1.2.2/jakarta.activation-api-1.2.2.jar
[INFO]   artifact: file:/Users/robert.mcroy/.m2/repository/com/fasterxml/jackson/datatype/jackson-datatype-hibernate5/2.11.4/jackson-datatype-hibernate5-2.11.4.jar
[INFO]   artifact: file:/Users/robert.mcroy/.m2/repository/javax/transaction/javax.transaction-api/1.3/javax.transaction-api-1.3.jar
[INFO]   artifact: file:/Users/robert.mcroy/.m2/repository/com/fasterxml/jackson/datatype/jackson-datatype-hppc/2.11.4/jackson-datatype-hppc-2.11.4.jar
[INFO]   artifact: file:/Users/robert.mcroy/.m2/repository/com/carrotsearch/hppc/0.8.1/hppc-0.8.1.jar
[INFO]   artifact: file:/Users/robert.mcroy/.m2/repository/com/fasterxml/jackson/datatype/jackson-datatype-jsr310/2.11.4/jackson-datatype-jsr310-2.11.4.jar
[INFO]   artifact: file:/Users/robert.mcroy/.m2/repository/com/h2database/h2/1.4.200/h2-1.4.200.jar
[INFO]   artifact: file:/Users/robert.mcroy/.m2/repository/io/springfox/springfox-oas/3.0.0/springfox-oas-3.0.0.jar
[INFO]   artifact: file:/Users/robert.mcroy/.m2/repository/io/swagger/core/v3/swagger-annotations/2.1.2/swagger-annotations-2.1.2.jar
[INFO]   artifact: file:/Users/robert.mcroy/.m2/repository/io/swagger/core/v3/swagger-models/2.1.2/swagger-models-2.1.2.jar
[INFO]   artifact: file:/Users/robert.mcroy/.m2/repository/io/springfox/springfox-spi/3.0.0/springfox-spi-3.0.0.jar
[INFO]   artifact: file:/Users/robert.mcroy/.m2/repository/io/springfox/springfox-schema/3.0.0/springfox-schema-3.0.0.jar
[INFO]   artifact: file:/Users/robert.mcroy/.m2/repository/io/springfox/springfox-core/3.0.0/springfox-core-3.0.0.jar
[INFO]   artifact: file:/Users/robert.mcroy/.m2/repository/io/springfox/springfox-spring-web/3.0.0/springfox-spring-web-3.0.0.jar
[INFO]   artifact: file:/Users/robert.mcroy/.m2/repository/io/github/classgraph/classgraph/4.8.83/classgraph-4.8.83.jar
[INFO]   artifact: file:/Users/robert.mcroy/.m2/repository/io/springfox/springfox-spring-webmvc/3.0.0/springfox-spring-webmvc-3.0.0.jar
[INFO]   artifact: file:/Users/robert.mcroy/.m2/repository/io/springfox/springfox-spring-webflux/3.0.0/springfox-spring-webflux-3.0.0.jar
[INFO]   artifact: file:/Users/robert.mcroy/.m2/repository/io/springfox/springfox-swagger-common/3.0.0/springfox-swagger-common-3.0.0.jar
[INFO]   artifact: file:/Users/robert.mcroy/.m2/repository/com/fasterxml/classmate/1.5.1/classmate-1.5.1.jar
[INFO]   artifact: file:/Users/robert.mcroy/.m2/repository/org/slf4j/slf4j-api/1.7.30/slf4j-api-1.7.30.jar
[INFO]   artifact: file:/Users/robert.mcroy/.m2/repository/org/springframework/plugin/spring-plugin-core/2.0.0.RELEASE/spring-plugin-core-2.0.0.RELEASE.jar
[INFO]   artifact: file:/Users/robert.mcroy/.m2/repository/org/springframework/plugin/spring-plugin-metadata/2.0.0.RELEASE/spring-plugin-metadata-2.0.0.RELEASE.jar
[INFO]   artifact: file:/Users/robert.mcroy/.m2/repository/io/springfox/springfox-swagger2/3.0.0/springfox-swagger2-3.0.0.jar
[INFO]   artifact: file:/Users/robert.mcroy/.m2/repository/io/swagger/swagger-annotations/1.5.20/swagger-annotations-1.5.20.jar
[INFO]   artifact: file:/Users/robert.mcroy/.m2/repository/io/swagger/swagger-models/1.5.20/swagger-models-1.5.20.jar
[INFO]   artifact: file:/Users/robert.mcroy/.m2/repository/io/springfox/springfox-bean-validators/3.0.0/springfox-bean-validators-3.0.0.jar
[INFO]   artifact: file:/Users/robert.mcroy/.m2/repository/com/zaxxer/HikariCP/3.4.5/HikariCP-3.4.5.jar
[INFO]   artifact: file:/Users/robert.mcroy/.m2/repository/org/apache/commons/commons-lang3/3.11/commons-lang3-3.11.jar
[INFO]   artifact: file:/Users/robert.mcroy/.m2/repository/org/testcontainers/postgresql/1.15.3/postgresql-1.15.3.jar
[INFO]   artifact: file:/Users/robert.mcroy/.m2/repository/org/testcontainers/jdbc/1.15.3/jdbc-1.15.3.jar
[INFO]   artifact: file:/Users/robert.mcroy/.m2/repository/org/testcontainers/database-commons/1.15.3/database-commons-1.15.3.jar
[INFO]   artifact: file:/Users/robert.mcroy/.m2/repository/org/testcontainers/testcontainers/1.15.3/testcontainers-1.15.3.jar
[INFO]   artifact: file:/Users/robert.mcroy/.m2/repository/junit/junit/4.13.2/junit-4.13.2.jar
[INFO]   artifact: file:/Users/robert.mcroy/.m2/repository/org/hamcrest/hamcrest-core/2.2/hamcrest-core-2.2.jar
[INFO]   artifact: file:/Users/robert.mcroy/.m2/repository/org/rnorth/duct-tape/duct-tape/1.0.8/duct-tape-1.0.8.jar
[INFO]   artifact: file:/Users/robert.mcroy/.m2/repository/org/rnorth/visible-assertions/visible-assertions/2.1.2/visible-assertions-2.1.2.jar
[INFO]   artifact: file:/Users/robert.mcroy/.m2/repository/net/java/dev/jna/jna/5.2.0/jna-5.2.0.jar
[INFO]   artifact: file:/Users/robert.mcroy/.m2/repository/com/github/docker-java/docker-java-api/3.2.8/docker-java-api-3.2.8.jar
[INFO]   artifact: file:/Users/robert.mcroy/.m2/repository/com/github/docker-java/docker-java-transport-zerodep/3.2.8/docker-java-transport-zerodep-3.2.8.jar
[INFO]   artifact: file:/Users/robert.mcroy/.m2/repository/com/github/docker-java/docker-java-transport/3.2.8/docker-java-transport-3.2.8.jar
[INFO]   artifact: file:/Users/robert.mcroy/.m2/repository/javax/cache/cache-api/1.1.1/cache-api-1.1.1.jar
[INFO]   artifact: file:/Users/robert.mcroy/.m2/repository/org/ehcache/ehcache/3.9.4/ehcache-3.9.4.jar
[INFO]   artifact: file:/Users/robert.mcroy/.m2/repository/org/hibernate/hibernate-jcache/5.4.32.Final/hibernate-jcache-5.4.32.Final.jar
[INFO]   artifact: file:/Users/robert.mcroy/.m2/repository/org/jboss/logging/jboss-logging/3.4.2.Final/jboss-logging-3.4.2.Final.jar
[INFO]   artifact: file:/Users/robert.mcroy/.m2/repository/org/hibernate/hibernate-jpamodelgen/5.4.32.Final/hibernate-jpamodelgen-5.4.32.Final.jar
[INFO]   artifact: file:/Users/robert.mcroy/.m2/repository/javax/xml/bind/jaxb-api/2.3.1/jaxb-api-2.3.1.jar
[INFO]   artifact: file:/Users/robert.mcroy/.m2/repository/org/glassfish/jaxb/jaxb-runtime/2.3.4/jaxb-runtime-2.3.4.jar
[INFO]   artifact: file:/Users/robert.mcroy/.m2/repository/org/glassfish/jaxb/txw2/2.3.4/txw2-2.3.4.jar
[INFO]   artifact: file:/Users/robert.mcroy/.m2/repository/com/sun/istack/istack-commons-runtime/3.0.12/istack-commons-runtime-3.0.12.jar
[INFO]   artifact: file:/Users/robert.mcroy/.m2/repository/com/sun/activation/jakarta.activation/1.2.2/jakarta.activation-1.2.2.jar
[INFO]   artifact: file:/Users/robert.mcroy/.m2/repository/org/hibernate/hibernate-core/5.4.32.Final/hibernate-core-5.4.32.Final.jar
[INFO]   artifact: file:/Users/robert.mcroy/.m2/repository/javax/persistence/javax.persistence-api/2.2/javax.persistence-api-2.2.jar
[INFO]   artifact: file:/Users/robert.mcroy/.m2/repository/org/javassist/javassist/3.27.0-GA/javassist-3.27.0-GA.jar
[INFO]   artifact: file:/Users/robert.mcroy/.m2/repository/net/bytebuddy/byte-buddy/1.10.22/byte-buddy-1.10.22.jar
[INFO]   artifact: file:/Users/robert.mcroy/.m2/repository/antlr/antlr/2.7.7/antlr-2.7.7.jar
[INFO]   artifact: file:/Users/robert.mcroy/.m2/repository/org/jboss/spec/javax/transaction/jboss-transaction-api_1.2_spec/1.1.1.Final/jboss-transaction-api_1.2_spec-1.1.1.Final.jar
[INFO]   artifact: file:/Users/robert.mcroy/.m2/repository/org/jboss/jandex/2.2.3.Final/jandex-2.2.3.Final.jar
[INFO]   artifact: file:/Users/robert.mcroy/.m2/repository/javax/activation/javax.activation-api/1.2.0/javax.activation-api-1.2.0.jar
[INFO]   artifact: file:/Users/robert.mcroy/.m2/repository/org/dom4j/dom4j/2.1.3/dom4j-2.1.3.jar
[INFO]   artifact: file:/Users/robert.mcroy/.m2/repository/org/hibernate/common/hibernate-commons-annotations/5.1.2.Final/hibernate-commons-annotations-5.1.2.Final.jar
[INFO]   artifact: file:/Users/robert.mcroy/.m2/repository/org/hibernate/validator/hibernate-validator/6.1.7.Final/hibernate-validator-6.1.7.Final.jar
[INFO]   artifact: file:/Users/robert.mcroy/.m2/repository/jakarta/validation/jakarta.validation-api/2.0.2/jakarta.validation-api-2.0.2.jar
[INFO]   artifact: file:/Users/robert.mcroy/.m2/repository/org/liquibase/liquibase-core/4.3.5/liquibase-core-4.3.5.jar
[INFO]   artifact: file:/Users/robert.mcroy/.m2/repository/org/postgresql/postgresql/42.2.20/postgresql-42.2.20.jar
[INFO]   artifact: file:/Users/robert.mcroy/.m2/repository/org/checkerframework/checker-qual/3.5.0/checker-qual-3.5.0.jar
[INFO]   artifact: file:/Users/robert.mcroy/.m2/repository/org/mapstruct/mapstruct/1.4.2.Final/mapstruct-1.4.2.Final.jar
[INFO]   artifact: file:/Users/robert.mcroy/.m2/repository/org/mapstruct/mapstruct-processor/1.4.2.Final/mapstruct-processor-1.4.2.Final.jar
[INFO]   artifact: file:/Users/robert.mcroy/.m2/repository/org/springframework/boot/spring-boot-configuration-processor/2.4.7/spring-boot-configuration-processor-2.4.7.jar
[INFO]   artifact: file:/Users/robert.mcroy/.m2/repository/org/springframework/boot/spring-boot-loader-tools/2.4.7/spring-boot-loader-tools-2.4.7.jar
[INFO]   artifact: file:/Users/robert.mcroy/.m2/repository/org/apache/commons/commons-compress/1.20/commons-compress-1.20.jar
[INFO]   artifact: file:/Users/robert.mcroy/.m2/repository/org/springframework/spring-core/5.3.8/spring-core-5.3.8.jar
[INFO]   artifact: file:/Users/robert.mcroy/.m2/repository/org/springframework/spring-jcl/5.3.8/spring-jcl-5.3.8.jar
[INFO]   artifact: file:/Users/robert.mcroy/.m2/repository/org/springframework/boot/spring-boot-starter-actuator/2.4.7/spring-boot-starter-actuator-2.4.7.jar
[INFO]   artifact: file:/Users/robert.mcroy/.m2/repository/org/springframework/boot/spring-boot-actuator-autoconfigure/2.4.7/spring-boot-actuator-autoconfigure-2.4.7.jar
[INFO]   artifact: file:/Users/robert.mcroy/.m2/repository/org/springframework/boot/spring-boot-actuator/2.4.7/spring-boot-actuator-2.4.7.jar
[INFO]   artifact: file:/Users/robert.mcroy/.m2/repository/io/micrometer/micrometer-core/1.6.7/micrometer-core-1.6.7.jar
[INFO]   artifact: file:/Users/robert.mcroy/.m2/repository/org/hdrhistogram/HdrHistogram/2.1.12/HdrHistogram-2.1.12.jar
[INFO]   artifact: file:/Users/robert.mcroy/.m2/repository/org/latencyutils/LatencyUtils/2.0.3/LatencyUtils-2.0.3.jar
[INFO]   artifact: file:/Users/robert.mcroy/.m2/repository/org/springframework/boot/spring-boot-starter-data-jpa/2.4.7/spring-boot-starter-data-jpa-2.4.7.jar
[INFO]   artifact: file:/Users/robert.mcroy/.m2/repository/org/springframework/boot/spring-boot-starter-jdbc/2.4.7/spring-boot-starter-jdbc-2.4.7.jar
[INFO]   artifact: file:/Users/robert.mcroy/.m2/repository/org/springframework/spring-jdbc/5.3.8/spring-jdbc-5.3.8.jar
[INFO]   artifact: file:/Users/robert.mcroy/.m2/repository/jakarta/transaction/jakarta.transaction-api/1.3.3/jakarta.transaction-api-1.3.3.jar
[INFO]   artifact: file:/Users/robert.mcroy/.m2/repository/jakarta/persistence/jakarta.persistence-api/2.2.3/jakarta.persistence-api-2.2.3.jar
[INFO]   artifact: file:/Users/robert.mcroy/.m2/repository/org/springframework/data/spring-data-jpa/2.4.9/spring-data-jpa-2.4.9.jar
[INFO]   artifact: file:/Users/robert.mcroy/.m2/repository/org/springframework/spring-orm/5.3.8/spring-orm-5.3.8.jar
[INFO]   artifact: file:/Users/robert.mcroy/.m2/repository/org/springframework/spring-tx/5.3.8/spring-tx-5.3.8.jar
[INFO]   artifact: file:/Users/robert.mcroy/.m2/repository/org/springframework/spring-aspects/5.3.8/spring-aspects-5.3.8.jar
[INFO]   artifact: file:/Users/robert.mcroy/.m2/repository/org/springframework/boot/spring-boot-starter-logging/2.4.7/spring-boot-starter-logging-2.4.7.jar
[INFO]   artifact: file:/Users/robert.mcroy/.m2/repository/ch/qos/logback/logback-classic/1.2.3/logback-classic-1.2.3.jar
[INFO]   artifact: file:/Users/robert.mcroy/.m2/repository/ch/qos/logback/logback-core/1.2.3/logback-core-1.2.3.jar
[INFO]   artifact: file:/Users/robert.mcroy/.m2/repository/org/apache/logging/log4j/log4j-to-slf4j/2.13.3/log4j-to-slf4j-2.13.3.jar
[INFO]   artifact: file:/Users/robert.mcroy/.m2/repository/org/apache/logging/log4j/log4j-api/2.13.3/log4j-api-2.13.3.jar
[INFO]   artifact: file:/Users/robert.mcroy/.m2/repository/org/slf4j/jul-to-slf4j/1.7.30/jul-to-slf4j-1.7.30.jar
[INFO]   artifact: file:/Users/robert.mcroy/.m2/repository/org/springframework/boot/spring-boot-starter-mail/2.4.7/spring-boot-starter-mail-2.4.7.jar
[INFO]   artifact: file:/Users/robert.mcroy/.m2/repository/com/sun/mail/jakarta.mail/1.6.7/jakarta.mail-1.6.7.jar
[INFO]   artifact: file:/Users/robert.mcroy/.m2/repository/org/springframework/boot/spring-boot-starter-security/2.4.7/spring-boot-starter-security-2.4.7.jar
[INFO]   artifact: file:/Users/robert.mcroy/.m2/repository/org/springframework/spring-aop/5.3.8/spring-aop-5.3.8.jar
[INFO]   artifact: file:/Users/robert.mcroy/.m2/repository/org/springframework/security/spring-security-config/5.4.6/spring-security-config-5.4.6.jar
[INFO]   artifact: file:/Users/robert.mcroy/.m2/repository/org/springframework/security/spring-security-web/5.4.6/spring-security-web-5.4.6.jar
[INFO]   artifact: file:/Users/robert.mcroy/.m2/repository/org/springframework/boot/spring-boot-starter-thymeleaf/2.4.7/spring-boot-starter-thymeleaf-2.4.7.jar
[INFO]   artifact: file:/Users/robert.mcroy/.m2/repository/org/thymeleaf/thymeleaf-spring5/3.0.12.RELEASE/thymeleaf-spring5-3.0.12.RELEASE.jar
[INFO]   artifact: file:/Users/robert.mcroy/.m2/repository/org/thymeleaf/thymeleaf/3.0.12.RELEASE/thymeleaf-3.0.12.RELEASE.jar
[INFO]   artifact: file:/Users/robert.mcroy/.m2/repository/org/attoparser/attoparser/2.0.5.RELEASE/attoparser-2.0.5.RELEASE.jar
[INFO]   artifact: file:/Users/robert.mcroy/.m2/repository/org/unbescape/unbescape/1.1.6.RELEASE/unbescape-1.1.6.RELEASE.jar
[INFO]   artifact: file:/Users/robert.mcroy/.m2/repository/org/thymeleaf/extras/thymeleaf-extras-java8time/3.0.4.RELEASE/thymeleaf-extras-java8time-3.0.4.RELEASE.jar
[INFO]   artifact: file:/Users/robert.mcroy/.m2/repository/org/springframework/boot/spring-boot-starter-web/2.4.7/spring-boot-starter-web-2.4.7.jar
[INFO]   artifact: file:/Users/robert.mcroy/.m2/repository/org/springframework/boot/spring-boot-starter-json/2.4.7/spring-boot-starter-json-2.4.7.jar
[INFO]   artifact: file:/Users/robert.mcroy/.m2/repository/com/fasterxml/jackson/datatype/jackson-datatype-jdk8/2.11.4/jackson-datatype-jdk8-2.11.4.jar
[INFO]   artifact: file:/Users/robert.mcroy/.m2/repository/com/fasterxml/jackson/module/jackson-module-parameter-names/2.11.4/jackson-module-parameter-names-2.11.4.jar
[INFO]   artifact: file:/Users/robert.mcroy/.m2/repository/org/springframework/spring-web/5.3.8/spring-web-5.3.8.jar
[INFO]   artifact: file:/Users/robert.mcroy/.m2/repository/org/springframework/spring-webmvc/5.3.8/spring-webmvc-5.3.8.jar
[INFO]   artifact: file:/Users/robert.mcroy/.m2/repository/org/springframework/boot/spring-boot-starter-test/2.4.7/spring-boot-starter-test-2.4.7.jar
[INFO]   artifact: file:/Users/robert.mcroy/.m2/repository/org/springframework/boot/spring-boot-test-autoconfigure/2.4.7/spring-boot-test-autoconfigure-2.4.7.jar
[INFO]   artifact: file:/Users/robert.mcroy/.m2/repository/com/jayway/jsonpath/json-path/2.4.0/json-path-2.4.0.jar
[INFO]   artifact: file:/Users/robert.mcroy/.m2/repository/net/minidev/json-smart/2.3.1/json-smart-2.3.1.jar
[INFO]   artifact: file:/Users/robert.mcroy/.m2/repository/net/minidev/accessors-smart/2.3.1/accessors-smart-2.3.1.jar
[INFO]   artifact: file:/Users/robert.mcroy/.m2/repository/org/ow2/asm/asm/5.0.4/asm-5.0.4.jar
[INFO]   artifact: file:/Users/robert.mcroy/.m2/repository/org/assertj/assertj-core/3.18.1/assertj-core-3.18.1.jar
[INFO]   artifact: file:/Users/robert.mcroy/.m2/repository/org/hamcrest/hamcrest/2.2/hamcrest-2.2.jar
[INFO]   artifact: file:/Users/robert.mcroy/.m2/repository/org/junit/jupiter/junit-jupiter/5.7.2/junit-jupiter-5.7.2.jar
[INFO]   artifact: file:/Users/robert.mcroy/.m2/repository/org/junit/jupiter/junit-jupiter-api/5.7.2/junit-jupiter-api-5.7.2.jar
[INFO]   artifact: file:/Users/robert.mcroy/.m2/repository/org/opentest4j/opentest4j/1.2.0/opentest4j-1.2.0.jar
[INFO]   artifact: file:/Users/robert.mcroy/.m2/repository/org/junit/platform/junit-platform-commons/1.7.2/junit-platform-commons-1.7.2.jar
[INFO]   artifact: file:/Users/robert.mcroy/.m2/repository/org/junit/jupiter/junit-jupiter-params/5.7.2/junit-jupiter-params-5.7.2.jar
[INFO]   artifact: file:/Users/robert.mcroy/.m2/repository/org/junit/jupiter/junit-jupiter-engine/5.7.2/junit-jupiter-engine-5.7.2.jar
[INFO]   artifact: file:/Users/robert.mcroy/.m2/repository/org/mockito/mockito-core/3.6.28/mockito-core-3.6.28.jar
[INFO]   artifact: file:/Users/robert.mcroy/.m2/repository/net/bytebuddy/byte-buddy-agent/1.10.22/byte-buddy-agent-1.10.22.jar
[INFO]   artifact: file:/Users/robert.mcroy/.m2/repository/org/objenesis/objenesis/3.1/objenesis-3.1.jar
[INFO]   artifact: file:/Users/robert.mcroy/.m2/repository/org/mockito/mockito-junit-jupiter/3.6.28/mockito-junit-jupiter-3.6.28.jar
[INFO]   artifact: file:/Users/robert.mcroy/.m2/repository/org/skyscreamer/jsonassert/1.5.0/jsonassert-1.5.0.jar
[INFO]   artifact: file:/Users/robert.mcroy/.m2/repository/org/springframework/spring-test/5.3.8/spring-test-5.3.8.jar
[INFO]   artifact: file:/Users/robert.mcroy/.m2/repository/org/xmlunit/xmlunit-core/2.7.0/xmlunit-core-2.7.0.jar
[INFO]   artifact: file:/Users/robert.mcroy/.m2/repository/org/springframework/boot/spring-boot-test/2.4.7/spring-boot-test-2.4.7.jar
[INFO]   artifact: file:/Users/robert.mcroy/.m2/repository/org/springframework/boot/spring-boot/2.4.7/spring-boot-2.4.7.jar
[INFO]   artifact: file:/Users/robert.mcroy/.m2/repository/org/springframework/security/spring-security-test/5.4.6/spring-security-test-5.4.6.jar
[INFO]   artifact: file:/Users/robert.mcroy/.m2/repository/org/springframework/security/spring-security-core/5.4.6/spring-security-core-5.4.6.jar
[INFO]   artifact: file:/Users/robert.mcroy/.m2/repository/com/tngtech/archunit/archunit-junit5-api/0.19.0/archunit-junit5-api-0.19.0.jar
[INFO]   artifact: file:/Users/robert.mcroy/.m2/repository/com/tngtech/archunit/archunit/0.19.0/archunit-0.19.0.jar
[INFO]   artifact: file:/Users/robert.mcroy/.m2/repository/com/tngtech/archunit/archunit-junit5-engine/0.19.0/archunit-junit5-engine-0.19.0.jar
[INFO]   artifact: file:/Users/robert.mcroy/.m2/repository/com/tngtech/archunit/archunit-junit5-engine-api/0.19.0/archunit-junit5-engine-api-0.19.0.jar
[INFO]   artifact: file:/Users/robert.mcroy/.m2/repository/org/junit/platform/junit-platform-engine/1.7.2/junit-platform-engine-1.7.2.jar
[INFO]   artifact: file:/Users/robert.mcroy/.m2/repository/org/zalando/problem-spring-web/0.26.2/problem-spring-web-0.26.2.jar
[INFO]   artifact: file:/Users/robert.mcroy/.m2/repository/org/zalando/problem-violations/0.26.2/problem-violations-0.26.2.jar
[INFO]   artifact: file:/Users/robert.mcroy/.m2/repository/org/zalando/problem-spring-common/0.26.2/problem-spring-common-0.26.2.jar
[INFO]   artifact: file:/Users/robert.mcroy/.m2/repository/org/apiguardian/apiguardian-api/1.1.0/apiguardian-api-1.1.0.jar
[INFO]   artifact: file:/Users/robert.mcroy/.m2/repository/com/google/code/findbugs/jsr305/3.0.2/jsr305-3.0.2.jar
[INFO]   artifact: file:/Users/robert.mcroy/.m2/repository/org/zalando/problem/0.25.0/problem-0.25.0.jar
[INFO]   artifact: file:/Users/robert.mcroy/.m2/repository/org/zalando/jackson-datatype-problem/0.25.0/jackson-datatype-problem-0.25.0.jar
[INFO]   artifact: file:/Users/robert.mcroy/.m2/repository/org/zalando/faux-pas/0.8.0/faux-pas-0.8.0.jar
[INFO]   artifact: file:/Users/robert.mcroy/.m2/repository/javax/validation/validation-api/2.0.1.Final/validation-api-2.0.1.Final.jar
[INFO]   artifact: file:/Users/robert.mcroy/.m2/repository/org/springframework/boot/spring-boot-starter-websocket/2.4.7/spring-boot-starter-websocket-2.4.7.jar
[INFO]   artifact: file:/Users/robert.mcroy/.m2/repository/org/springframework/spring-messaging/5.3.8/spring-messaging-5.3.8.jar
[INFO]   artifact: file:/Users/robert.mcroy/.m2/repository/org/springframework/spring-websocket/5.3.8/spring-websocket-5.3.8.jar
[INFO]   artifact: file:/Users/robert.mcroy/.m2/repository/io/jsonwebtoken/jjwt-api/0.11.2/jjwt-api-0.11.2.jar
[INFO]   artifact: file:/Users/robert.mcroy/.m2/repository/io/jsonwebtoken/jjwt-impl/0.11.2/jjwt-impl-0.11.2.jar
[INFO]   artifact: file:/Users/robert.mcroy/.m2/repository/io/jsonwebtoken/jjwt-jackson/0.11.2/jjwt-jackson-0.11.2.jar
[INFO]   artifact: file:/Users/robert.mcroy/.m2/repository/org/springframework/security/spring-security-data/5.4.6/spring-security-data-5.4.6.jar
[INFO]   artifact: file:/Users/robert.mcroy/.m2/repository/org/springframework/data/spring-data-commons/2.4.9/spring-data-commons-2.4.9.jar
[INFO]   artifact: file:/Users/robert.mcroy/.m2/repository/io/micrometer/micrometer-registry-prometheus/1.6.7/micrometer-registry-prometheus-1.6.7.jar
[INFO]   artifact: file:/Users/robert.mcroy/.m2/repository/io/prometheus/simpleclient_common/0.9.0/simpleclient_common-0.9.0.jar
[INFO]   artifact: file:/Users/robert.mcroy/.m2/repository/io/prometheus/simpleclient/0.11.0/simpleclient-0.11.0.jar
[INFO]   artifact: file:/Users/robert.mcroy/.m2/repository/io/prometheus/simpleclient_tracer_otel/0.11.0/simpleclient_tracer_otel-0.11.0.jar
[INFO]   artifact: file:/Users/robert.mcroy/.m2/repository/io/prometheus/simpleclient_tracer_common/0.11.0/simpleclient_tracer_common-0.11.0.jar
[INFO]   artifact: file:/Users/robert.mcroy/.m2/repository/io/prometheus/simpleclient_tracer_otel_agent/0.11.0/simpleclient_tracer_otel_agent-0.11.0.jar
[INFO]   artifact: file:/Users/robert.mcroy/.m2/repository/io/dropwizard/metrics/metrics-core/4.1.22/metrics-core-4.1.22.jar
[INFO]   artifact: file:/Users/robert.mcroy/.m2/repository/org/springframework/security/spring-security-messaging/5.4.6/spring-security-messaging-5.4.6.jar
[INFO]   artifact: file:/Users/robert.mcroy/.m2/repository/org/springframework/spring-beans/5.3.8/spring-beans-5.3.8.jar
[INFO]   artifact: file:/Users/robert.mcroy/.m2/repository/org/springframework/spring-context/5.3.8/spring-context-5.3.8.jar
[INFO]   artifact: file:/Users/robert.mcroy/.m2/repository/org/springframework/spring-expression/5.3.8/spring-expression-5.3.8.jar
[INFO]   artifact: file:/Users/robert.mcroy/.m2/repository/org/springframework/boot/spring-boot-starter-undertow/2.4.7/spring-boot-starter-undertow-2.4.7.jar
[INFO]   artifact: file:/Users/robert.mcroy/.m2/repository/io/undertow/undertow-core/2.2.8.Final/undertow-core-2.2.8.Final.jar
[INFO]   artifact: file:/Users/robert.mcroy/.m2/repository/org/jboss/xnio/xnio-api/3.8.0.Final/xnio-api-3.8.0.Final.jar
[INFO]   artifact: file:/Users/robert.mcroy/.m2/repository/org/wildfly/common/wildfly-common/1.5.2.Final/wildfly-common-1.5.2.Final.jar
[INFO]   artifact: file:/Users/robert.mcroy/.m2/repository/org/wildfly/client/wildfly-client-config/1.0.1.Final/wildfly-client-config-1.0.1.Final.jar
[INFO]   artifact: file:/Users/robert.mcroy/.m2/repository/org/jboss/xnio/xnio-nio/3.8.0.Final/xnio-nio-3.8.0.Final.jar
[INFO]   artifact: file:/Users/robert.mcroy/.m2/repository/org/jboss/threads/jboss-threads/3.1.0.Final/jboss-threads-3.1.0.Final.jar
[INFO]   artifact: file:/Users/robert.mcroy/.m2/repository/io/undertow/undertow-servlet/2.2.8.Final/undertow-servlet-2.2.8.Final.jar
[INFO]   artifact: file:/Users/robert.mcroy/.m2/repository/org/jboss/spec/javax/annotation/jboss-annotations-api_1.3_spec/2.0.1.Final/jboss-annotations-api_1.3_spec-2.0.1.Final.jar
[INFO]   artifact: file:/Users/robert.mcroy/.m2/repository/io/undertow/undertow-websockets-jsr/2.2.8.Final/undertow-websockets-jsr-2.2.8.Final.jar
[INFO]   artifact: file:/Users/robert.mcroy/.m2/repository/org/jboss/spec/javax/websocket/jboss-websocket-api_1.1_spec/2.0.0.Final/jboss-websocket-api_1.1_spec-2.0.0.Final.jar
[INFO]   artifact: file:/Users/robert.mcroy/.m2/repository/jakarta/servlet/jakarta.servlet-api/4.0.4/jakarta.servlet-api-4.0.4.jar
[INFO]   artifact: file:/Users/robert.mcroy/.m2/repository/org/glassfish/jakarta.el/3.0.3/jakarta.el-3.0.3.jar
[INFO]   artifact: file:/Users/robert.mcroy/.m2/repository/org/springframework/boot/spring-boot-devtools/2.4.7/spring-boot-devtools-2.4.7.jar
[INFO]   artifact: file:/Users/robert.mcroy/dev/projects/jhipster/tutorial-jhipster-docker/target/classes/
[INFO]   artifact: file:/Users/robert.mcroy/dev/projects/jhipster/tutorial-jhipster-docker/target/test-classes/
[INFO] ------------------------------------------------------------------------
[INFO] Loading artifacts into URLClassLoader
[INFO]   artifact: file:/Users/robert.mcroy/.m2/repository/tech/jhipster/jhipster-framework/7.1.0/jhipster-framework-7.1.0.jar
[INFO]   artifact: file:/Users/robert.mcroy/.m2/repository/org/springframework/spring-context-support/5.3.8/spring-context-support-5.3.8.jar
[INFO]   artifact: file:/Users/robert.mcroy/.m2/repository/org/springframework/boot/spring-boot-starter-validation/2.4.7/spring-boot-starter-validation-2.4.7.jar
[INFO]   artifact: file:/Users/robert.mcroy/.m2/repository/org/springframework/boot/spring-boot-autoconfigure/2.4.7/spring-boot-autoconfigure-2.4.7.jar
[INFO]   artifact: file:/Users/robert.mcroy/.m2/repository/org/springframework/boot/spring-boot-starter-aop/2.4.7/spring-boot-starter-aop-2.4.7.jar
[INFO]   artifact: file:/Users/robert.mcroy/.m2/repository/org/aspectj/aspectjweaver/1.9.6/aspectjweaver-1.9.6.jar
[INFO]   artifact: file:/Users/robert.mcroy/.m2/repository/net/logstash/logback/logstash-logback-encoder/6.6/logstash-logback-encoder-6.6.jar
[INFO]   artifact: file:/Users/robert.mcroy/.m2/repository/javax/annotation/javax.annotation-api/1.3.2/javax.annotation-api-1.3.2.jar
[INFO]   artifact: file:/Users/robert.mcroy/.m2/repository/org/springframework/boot/spring-boot-starter-cache/2.4.7/spring-boot-starter-cache-2.4.7.jar
[INFO]   artifact: file:/Users/robert.mcroy/.m2/repository/org/springframework/boot/spring-boot-starter/2.4.7/spring-boot-starter-2.4.7.jar
[INFO]   artifact: file:/Users/robert.mcroy/.m2/repository/jakarta/annotation/jakarta.annotation-api/1.3.5/jakarta.annotation-api-1.3.5.jar
[INFO]   artifact: file:/Users/robert.mcroy/.m2/repository/org/yaml/snakeyaml/1.27/snakeyaml-1.27.jar
[INFO]   artifact: file:/Users/robert.mcroy/.m2/repository/com/fasterxml/jackson/module/jackson-module-jaxb-annotations/2.11.4/jackson-module-jaxb-annotations-2.11.4.jar
[INFO]   artifact: file:/Users/robert.mcroy/.m2/repository/com/fasterxml/jackson/core/jackson-annotations/2.11.4/jackson-annotations-2.11.4.jar
[INFO]   artifact: file:/Users/robert.mcroy/.m2/repository/com/fasterxml/jackson/core/jackson-core/2.11.4/jackson-core-2.11.4.jar
[INFO]   artifact: file:/Users/robert.mcroy/.m2/repository/com/fasterxml/jackson/core/jackson-databind/2.11.4/jackson-databind-2.11.4.jar
[INFO]   artifact: file:/Users/robert.mcroy/.m2/repository/jakarta/xml/bind/jakarta.xml.bind-api/2.3.3/jakarta.xml.bind-api-2.3.3.jar
[INFO]   artifact: file:/Users/robert.mcroy/.m2/repository/jakarta/activation/jakarta.activation-api/1.2.2/jakarta.activation-api-1.2.2.jar
[INFO]   artifact: file:/Users/robert.mcroy/.m2/repository/com/fasterxml/jackson/datatype/jackson-datatype-hibernate5/2.11.4/jackson-datatype-hibernate5-2.11.4.jar
[INFO]   artifact: file:/Users/robert.mcroy/.m2/repository/javax/transaction/javax.transaction-api/1.3/javax.transaction-api-1.3.jar
[INFO]   artifact: file:/Users/robert.mcroy/.m2/repository/com/fasterxml/jackson/datatype/jackson-datatype-hppc/2.11.4/jackson-datatype-hppc-2.11.4.jar
[INFO]   artifact: file:/Users/robert.mcroy/.m2/repository/com/carrotsearch/hppc/0.8.1/hppc-0.8.1.jar
[INFO]   artifact: file:/Users/robert.mcroy/.m2/repository/com/fasterxml/jackson/datatype/jackson-datatype-jsr310/2.11.4/jackson-datatype-jsr310-2.11.4.jar
[INFO]   artifact: file:/Users/robert.mcroy/.m2/repository/com/h2database/h2/1.4.200/h2-1.4.200.jar
[INFO]   artifact: file:/Users/robert.mcroy/.m2/repository/io/springfox/springfox-oas/3.0.0/springfox-oas-3.0.0.jar
[INFO]   artifact: file:/Users/robert.mcroy/.m2/repository/io/swagger/core/v3/swagger-annotations/2.1.2/swagger-annotations-2.1.2.jar
[INFO]   artifact: file:/Users/robert.mcroy/.m2/repository/io/swagger/core/v3/swagger-models/2.1.2/swagger-models-2.1.2.jar
[INFO]   artifact: file:/Users/robert.mcroy/.m2/repository/io/springfox/springfox-spi/3.0.0/springfox-spi-3.0.0.jar
[INFO]   artifact: file:/Users/robert.mcroy/.m2/repository/io/springfox/springfox-schema/3.0.0/springfox-schema-3.0.0.jar
[INFO]   artifact: file:/Users/robert.mcroy/.m2/repository/io/springfox/springfox-core/3.0.0/springfox-core-3.0.0.jar
[INFO]   artifact: file:/Users/robert.mcroy/.m2/repository/io/springfox/springfox-spring-web/3.0.0/springfox-spring-web-3.0.0.jar
[INFO]   artifact: file:/Users/robert.mcroy/.m2/repository/io/github/classgraph/classgraph/4.8.83/classgraph-4.8.83.jar
[INFO]   artifact: file:/Users/robert.mcroy/.m2/repository/io/springfox/springfox-spring-webmvc/3.0.0/springfox-spring-webmvc-3.0.0.jar
[INFO]   artifact: file:/Users/robert.mcroy/.m2/repository/io/springfox/springfox-spring-webflux/3.0.0/springfox-spring-webflux-3.0.0.jar
[INFO]   artifact: file:/Users/robert.mcroy/.m2/repository/io/springfox/springfox-swagger-common/3.0.0/springfox-swagger-common-3.0.0.jar
[INFO]   artifact: file:/Users/robert.mcroy/.m2/repository/com/fasterxml/classmate/1.5.1/classmate-1.5.1.jar
[INFO]   artifact: file:/Users/robert.mcroy/.m2/repository/org/slf4j/slf4j-api/1.7.30/slf4j-api-1.7.30.jar
[INFO]   artifact: file:/Users/robert.mcroy/.m2/repository/org/springframework/plugin/spring-plugin-core/2.0.0.RELEASE/spring-plugin-core-2.0.0.RELEASE.jar
[INFO]   artifact: file:/Users/robert.mcroy/.m2/repository/org/springframework/plugin/spring-plugin-metadata/2.0.0.RELEASE/spring-plugin-metadata-2.0.0.RELEASE.jar
[INFO]   artifact: file:/Users/robert.mcroy/.m2/repository/io/springfox/springfox-swagger2/3.0.0/springfox-swagger2-3.0.0.jar
[INFO]   artifact: file:/Users/robert.mcroy/.m2/repository/io/swagger/swagger-annotations/1.5.20/swagger-annotations-1.5.20.jar
[INFO]   artifact: file:/Users/robert.mcroy/.m2/repository/io/swagger/swagger-models/1.5.20/swagger-models-1.5.20.jar
[INFO]   artifact: file:/Users/robert.mcroy/.m2/repository/io/springfox/springfox-bean-validators/3.0.0/springfox-bean-validators-3.0.0.jar
[INFO]   artifact: file:/Users/robert.mcroy/.m2/repository/com/zaxxer/HikariCP/3.4.5/HikariCP-3.4.5.jar
[INFO]   artifact: file:/Users/robert.mcroy/.m2/repository/org/apache/commons/commons-lang3/3.11/commons-lang3-3.11.jar
[INFO]   artifact: file:/Users/robert.mcroy/.m2/repository/org/testcontainers/postgresql/1.15.3/postgresql-1.15.3.jar
[INFO]   artifact: file:/Users/robert.mcroy/.m2/repository/org/testcontainers/jdbc/1.15.3/jdbc-1.15.3.jar
[INFO]   artifact: file:/Users/robert.mcroy/.m2/repository/org/testcontainers/database-commons/1.15.3/database-commons-1.15.3.jar
[INFO]   artifact: file:/Users/robert.mcroy/.m2/repository/org/testcontainers/testcontainers/1.15.3/testcontainers-1.15.3.jar
[INFO]   artifact: file:/Users/robert.mcroy/.m2/repository/junit/junit/4.13.2/junit-4.13.2.jar
[INFO]   artifact: file:/Users/robert.mcroy/.m2/repository/org/hamcrest/hamcrest-core/2.2/hamcrest-core-2.2.jar
[INFO]   artifact: file:/Users/robert.mcroy/.m2/repository/org/rnorth/duct-tape/duct-tape/1.0.8/duct-tape-1.0.8.jar
[INFO]   artifact: file:/Users/robert.mcroy/.m2/repository/org/rnorth/visible-assertions/visible-assertions/2.1.2/visible-assertions-2.1.2.jar
[INFO]   artifact: file:/Users/robert.mcroy/.m2/repository/net/java/dev/jna/jna/5.2.0/jna-5.2.0.jar
[INFO]   artifact: file:/Users/robert.mcroy/.m2/repository/com/github/docker-java/docker-java-api/3.2.8/docker-java-api-3.2.8.jar
[INFO]   artifact: file:/Users/robert.mcroy/.m2/repository/com/github/docker-java/docker-java-transport-zerodep/3.2.8/docker-java-transport-zerodep-3.2.8.jar
[INFO]   artifact: file:/Users/robert.mcroy/.m2/repository/com/github/docker-java/docker-java-transport/3.2.8/docker-java-transport-3.2.8.jar
[INFO]   artifact: file:/Users/robert.mcroy/.m2/repository/javax/cache/cache-api/1.1.1/cache-api-1.1.1.jar
[INFO]   artifact: file:/Users/robert.mcroy/.m2/repository/org/ehcache/ehcache/3.9.4/ehcache-3.9.4.jar
[INFO]   artifact: file:/Users/robert.mcroy/.m2/repository/org/hibernate/hibernate-jcache/5.4.32.Final/hibernate-jcache-5.4.32.Final.jar
[INFO]   artifact: file:/Users/robert.mcroy/.m2/repository/org/jboss/logging/jboss-logging/3.4.2.Final/jboss-logging-3.4.2.Final.jar
[INFO]   artifact: file:/Users/robert.mcroy/.m2/repository/org/hibernate/hibernate-jpamodelgen/5.4.32.Final/hibernate-jpamodelgen-5.4.32.Final.jar
[INFO]   artifact: file:/Users/robert.mcroy/.m2/repository/javax/xml/bind/jaxb-api/2.3.1/jaxb-api-2.3.1.jar
[INFO]   artifact: file:/Users/robert.mcroy/.m2/repository/org/glassfish/jaxb/jaxb-runtime/2.3.4/jaxb-runtime-2.3.4.jar
[INFO]   artifact: file:/Users/robert.mcroy/.m2/repository/org/glassfish/jaxb/txw2/2.3.4/txw2-2.3.4.jar
[INFO]   artifact: file:/Users/robert.mcroy/.m2/repository/com/sun/istack/istack-commons-runtime/3.0.12/istack-commons-runtime-3.0.12.jar
[INFO]   artifact: file:/Users/robert.mcroy/.m2/repository/com/sun/activation/jakarta.activation/1.2.2/jakarta.activation-1.2.2.jar
[INFO]   artifact: file:/Users/robert.mcroy/.m2/repository/org/hibernate/hibernate-core/5.4.32.Final/hibernate-core-5.4.32.Final.jar
[INFO]   artifact: file:/Users/robert.mcroy/.m2/repository/javax/persistence/javax.persistence-api/2.2/javax.persistence-api-2.2.jar
[INFO]   artifact: file:/Users/robert.mcroy/.m2/repository/org/javassist/javassist/3.27.0-GA/javassist-3.27.0-GA.jar
[INFO]   artifact: file:/Users/robert.mcroy/.m2/repository/net/bytebuddy/byte-buddy/1.10.22/byte-buddy-1.10.22.jar
[INFO]   artifact: file:/Users/robert.mcroy/.m2/repository/antlr/antlr/2.7.7/antlr-2.7.7.jar
[INFO]   artifact: file:/Users/robert.mcroy/.m2/repository/org/jboss/spec/javax/transaction/jboss-transaction-api_1.2_spec/1.1.1.Final/jboss-transaction-api_1.2_spec-1.1.1.Final.jar
[INFO]   artifact: file:/Users/robert.mcroy/.m2/repository/org/jboss/jandex/2.2.3.Final/jandex-2.2.3.Final.jar
[INFO]   artifact: file:/Users/robert.mcroy/.m2/repository/javax/activation/javax.activation-api/1.2.0/javax.activation-api-1.2.0.jar
[INFO]   artifact: file:/Users/robert.mcroy/.m2/repository/org/dom4j/dom4j/2.1.3/dom4j-2.1.3.jar
[INFO]   artifact: file:/Users/robert.mcroy/.m2/repository/org/hibernate/common/hibernate-commons-annotations/5.1.2.Final/hibernate-commons-annotations-5.1.2.Final.jar
[INFO]   artifact: file:/Users/robert.mcroy/.m2/repository/org/hibernate/validator/hibernate-validator/6.1.7.Final/hibernate-validator-6.1.7.Final.jar
[INFO]   artifact: file:/Users/robert.mcroy/.m2/repository/jakarta/validation/jakarta.validation-api/2.0.2/jakarta.validation-api-2.0.2.jar
[INFO]   artifact: file:/Users/robert.mcroy/.m2/repository/org/liquibase/liquibase-core/4.3.5/liquibase-core-4.3.5.jar
[INFO]   artifact: file:/Users/robert.mcroy/.m2/repository/org/postgresql/postgresql/42.2.20/postgresql-42.2.20.jar
[INFO]   artifact: file:/Users/robert.mcroy/.m2/repository/org/checkerframework/checker-qual/3.5.0/checker-qual-3.5.0.jar
[INFO]   artifact: file:/Users/robert.mcroy/.m2/repository/org/mapstruct/mapstruct/1.4.2.Final/mapstruct-1.4.2.Final.jar
[INFO]   artifact: file:/Users/robert.mcroy/.m2/repository/org/mapstruct/mapstruct-processor/1.4.2.Final/mapstruct-processor-1.4.2.Final.jar
[INFO]   artifact: file:/Users/robert.mcroy/.m2/repository/org/springframework/boot/spring-boot-configuration-processor/2.4.7/spring-boot-configuration-processor-2.4.7.jar
[INFO]   artifact: file:/Users/robert.mcroy/.m2/repository/org/springframework/boot/spring-boot-loader-tools/2.4.7/spring-boot-loader-tools-2.4.7.jar
[INFO]   artifact: file:/Users/robert.mcroy/.m2/repository/org/apache/commons/commons-compress/1.20/commons-compress-1.20.jar
[INFO]   artifact: file:/Users/robert.mcroy/.m2/repository/org/springframework/spring-core/5.3.8/spring-core-5.3.8.jar
[INFO]   artifact: file:/Users/robert.mcroy/.m2/repository/org/springframework/spring-jcl/5.3.8/spring-jcl-5.3.8.jar
[INFO]   artifact: file:/Users/robert.mcroy/.m2/repository/org/springframework/boot/spring-boot-starter-actuator/2.4.7/spring-boot-starter-actuator-2.4.7.jar
[INFO]   artifact: file:/Users/robert.mcroy/.m2/repository/org/springframework/boot/spring-boot-actuator-autoconfigure/2.4.7/spring-boot-actuator-autoconfigure-2.4.7.jar
[INFO]   artifact: file:/Users/robert.mcroy/.m2/repository/org/springframework/boot/spring-boot-actuator/2.4.7/spring-boot-actuator-2.4.7.jar
[INFO]   artifact: file:/Users/robert.mcroy/.m2/repository/io/micrometer/micrometer-core/1.6.7/micrometer-core-1.6.7.jar
[INFO]   artifact: file:/Users/robert.mcroy/.m2/repository/org/hdrhistogram/HdrHistogram/2.1.12/HdrHistogram-2.1.12.jar
[INFO]   artifact: file:/Users/robert.mcroy/.m2/repository/org/latencyutils/LatencyUtils/2.0.3/LatencyUtils-2.0.3.jar
[INFO]   artifact: file:/Users/robert.mcroy/.m2/repository/org/springframework/boot/spring-boot-starter-data-jpa/2.4.7/spring-boot-starter-data-jpa-2.4.7.jar
[INFO]   artifact: file:/Users/robert.mcroy/.m2/repository/org/springframework/boot/spring-boot-starter-jdbc/2.4.7/spring-boot-starter-jdbc-2.4.7.jar
[INFO]   artifact: file:/Users/robert.mcroy/.m2/repository/org/springframework/spring-jdbc/5.3.8/spring-jdbc-5.3.8.jar
[INFO]   artifact: file:/Users/robert.mcroy/.m2/repository/jakarta/transaction/jakarta.transaction-api/1.3.3/jakarta.transaction-api-1.3.3.jar
[INFO]   artifact: file:/Users/robert.mcroy/.m2/repository/jakarta/persistence/jakarta.persistence-api/2.2.3/jakarta.persistence-api-2.2.3.jar
[INFO]   artifact: file:/Users/robert.mcroy/.m2/repository/org/springframework/data/spring-data-jpa/2.4.9/spring-data-jpa-2.4.9.jar
[INFO]   artifact: file:/Users/robert.mcroy/.m2/repository/org/springframework/spring-orm/5.3.8/spring-orm-5.3.8.jar
[INFO]   artifact: file:/Users/robert.mcroy/.m2/repository/org/springframework/spring-tx/5.3.8/spring-tx-5.3.8.jar
[INFO]   artifact: file:/Users/robert.mcroy/.m2/repository/org/springframework/spring-aspects/5.3.8/spring-aspects-5.3.8.jar
[INFO]   artifact: file:/Users/robert.mcroy/.m2/repository/org/springframework/boot/spring-boot-starter-logging/2.4.7/spring-boot-starter-logging-2.4.7.jar
[INFO]   artifact: file:/Users/robert.mcroy/.m2/repository/ch/qos/logback/logback-classic/1.2.3/logback-classic-1.2.3.jar
[INFO]   artifact: file:/Users/robert.mcroy/.m2/repository/ch/qos/logback/logback-core/1.2.3/logback-core-1.2.3.jar
[INFO]   artifact: file:/Users/robert.mcroy/.m2/repository/org/apache/logging/log4j/log4j-to-slf4j/2.13.3/log4j-to-slf4j-2.13.3.jar
[INFO]   artifact: file:/Users/robert.mcroy/.m2/repository/org/apache/logging/log4j/log4j-api/2.13.3/log4j-api-2.13.3.jar
[INFO]   artifact: file:/Users/robert.mcroy/.m2/repository/org/slf4j/jul-to-slf4j/1.7.30/jul-to-slf4j-1.7.30.jar
[INFO]   artifact: file:/Users/robert.mcroy/.m2/repository/org/springframework/boot/spring-boot-starter-mail/2.4.7/spring-boot-starter-mail-2.4.7.jar
[INFO]   artifact: file:/Users/robert.mcroy/.m2/repository/com/sun/mail/jakarta.mail/1.6.7/jakarta.mail-1.6.7.jar
[INFO]   artifact: file:/Users/robert.mcroy/.m2/repository/org/springframework/boot/spring-boot-starter-security/2.4.7/spring-boot-starter-security-2.4.7.jar
[INFO]   artifact: file:/Users/robert.mcroy/.m2/repository/org/springframework/spring-aop/5.3.8/spring-aop-5.3.8.jar
[INFO]   artifact: file:/Users/robert.mcroy/.m2/repository/org/springframework/security/spring-security-config/5.4.6/spring-security-config-5.4.6.jar
[INFO]   artifact: file:/Users/robert.mcroy/.m2/repository/org/springframework/security/spring-security-web/5.4.6/spring-security-web-5.4.6.jar
[INFO]   artifact: file:/Users/robert.mcroy/.m2/repository/org/springframework/boot/spring-boot-starter-thymeleaf/2.4.7/spring-boot-starter-thymeleaf-2.4.7.jar
[INFO]   artifact: file:/Users/robert.mcroy/.m2/repository/org/thymeleaf/thymeleaf-spring5/3.0.12.RELEASE/thymeleaf-spring5-3.0.12.RELEASE.jar
[INFO]   artifact: file:/Users/robert.mcroy/.m2/repository/org/thymeleaf/thymeleaf/3.0.12.RELEASE/thymeleaf-3.0.12.RELEASE.jar
[INFO]   artifact: file:/Users/robert.mcroy/.m2/repository/org/attoparser/attoparser/2.0.5.RELEASE/attoparser-2.0.5.RELEASE.jar
[INFO]   artifact: file:/Users/robert.mcroy/.m2/repository/org/unbescape/unbescape/1.1.6.RELEASE/unbescape-1.1.6.RELEASE.jar
[INFO]   artifact: file:/Users/robert.mcroy/.m2/repository/org/thymeleaf/extras/thymeleaf-extras-java8time/3.0.4.RELEASE/thymeleaf-extras-java8time-3.0.4.RELEASE.jar
[INFO]   artifact: file:/Users/robert.mcroy/.m2/repository/org/springframework/boot/spring-boot-starter-web/2.4.7/spring-boot-starter-web-2.4.7.jar
[INFO]   artifact: file:/Users/robert.mcroy/.m2/repository/org/springframework/boot/spring-boot-starter-json/2.4.7/spring-boot-starter-json-2.4.7.jar
[INFO]   artifact: file:/Users/robert.mcroy/.m2/repository/com/fasterxml/jackson/datatype/jackson-datatype-jdk8/2.11.4/jackson-datatype-jdk8-2.11.4.jar
[INFO]   artifact: file:/Users/robert.mcroy/.m2/repository/com/fasterxml/jackson/module/jackson-module-parameter-names/2.11.4/jackson-module-parameter-names-2.11.4.jar
[INFO]   artifact: file:/Users/robert.mcroy/.m2/repository/org/springframework/spring-web/5.3.8/spring-web-5.3.8.jar
[INFO]   artifact: file:/Users/robert.mcroy/.m2/repository/org/springframework/spring-webmvc/5.3.8/spring-webmvc-5.3.8.jar
[INFO]   artifact: file:/Users/robert.mcroy/.m2/repository/org/springframework/boot/spring-boot-starter-test/2.4.7/spring-boot-starter-test-2.4.7.jar
[INFO]   artifact: file:/Users/robert.mcroy/.m2/repository/org/springframework/boot/spring-boot-test-autoconfigure/2.4.7/spring-boot-test-autoconfigure-2.4.7.jar
[INFO]   artifact: file:/Users/robert.mcroy/.m2/repository/com/jayway/jsonpath/json-path/2.4.0/json-path-2.4.0.jar
[INFO]   artifact: file:/Users/robert.mcroy/.m2/repository/net/minidev/json-smart/2.3.1/json-smart-2.3.1.jar
[INFO]   artifact: file:/Users/robert.mcroy/.m2/repository/net/minidev/accessors-smart/2.3.1/accessors-smart-2.3.1.jar
[INFO]   artifact: file:/Users/robert.mcroy/.m2/repository/org/ow2/asm/asm/5.0.4/asm-5.0.4.jar
[INFO]   artifact: file:/Users/robert.mcroy/.m2/repository/org/assertj/assertj-core/3.18.1/assertj-core-3.18.1.jar
[INFO]   artifact: file:/Users/robert.mcroy/.m2/repository/org/hamcrest/hamcrest/2.2/hamcrest-2.2.jar
[INFO]   artifact: file:/Users/robert.mcroy/.m2/repository/org/junit/jupiter/junit-jupiter/5.7.2/junit-jupiter-5.7.2.jar
[INFO]   artifact: file:/Users/robert.mcroy/.m2/repository/org/junit/jupiter/junit-jupiter-api/5.7.2/junit-jupiter-api-5.7.2.jar
[INFO]   artifact: file:/Users/robert.mcroy/.m2/repository/org/opentest4j/opentest4j/1.2.0/opentest4j-1.2.0.jar
[INFO]   artifact: file:/Users/robert.mcroy/.m2/repository/org/junit/platform/junit-platform-commons/1.7.2/junit-platform-commons-1.7.2.jar
[INFO]   artifact: file:/Users/robert.mcroy/.m2/repository/org/junit/jupiter/junit-jupiter-params/5.7.2/junit-jupiter-params-5.7.2.jar
[INFO]   artifact: file:/Users/robert.mcroy/.m2/repository/org/junit/jupiter/junit-jupiter-engine/5.7.2/junit-jupiter-engine-5.7.2.jar
[INFO]   artifact: file:/Users/robert.mcroy/.m2/repository/org/mockito/mockito-core/3.6.28/mockito-core-3.6.28.jar
[INFO]   artifact: file:/Users/robert.mcroy/.m2/repository/net/bytebuddy/byte-buddy-agent/1.10.22/byte-buddy-agent-1.10.22.jar
[INFO]   artifact: file:/Users/robert.mcroy/.m2/repository/org/objenesis/objenesis/3.1/objenesis-3.1.jar
[INFO]   artifact: file:/Users/robert.mcroy/.m2/repository/org/mockito/mockito-junit-jupiter/3.6.28/mockito-junit-jupiter-3.6.28.jar
[INFO]   artifact: file:/Users/robert.mcroy/.m2/repository/org/skyscreamer/jsonassert/1.5.0/jsonassert-1.5.0.jar
[INFO]   artifact: file:/Users/robert.mcroy/.m2/repository/org/springframework/spring-test/5.3.8/spring-test-5.3.8.jar
[INFO]   artifact: file:/Users/robert.mcroy/.m2/repository/org/xmlunit/xmlunit-core/2.7.0/xmlunit-core-2.7.0.jar
[INFO]   artifact: file:/Users/robert.mcroy/.m2/repository/org/springframework/boot/spring-boot-test/2.4.7/spring-boot-test-2.4.7.jar
[INFO]   artifact: file:/Users/robert.mcroy/.m2/repository/org/springframework/boot/spring-boot/2.4.7/spring-boot-2.4.7.jar
[INFO]   artifact: file:/Users/robert.mcroy/.m2/repository/org/springframework/security/spring-security-test/5.4.6/spring-security-test-5.4.6.jar
[INFO]   artifact: file:/Users/robert.mcroy/.m2/repository/org/springframework/security/spring-security-core/5.4.6/spring-security-core-5.4.6.jar
[INFO]   artifact: file:/Users/robert.mcroy/.m2/repository/com/tngtech/archunit/archunit-junit5-api/0.19.0/archunit-junit5-api-0.19.0.jar
[INFO]   artifact: file:/Users/robert.mcroy/.m2/repository/com/tngtech/archunit/archunit/0.19.0/archunit-0.19.0.jar
[INFO]   artifact: file:/Users/robert.mcroy/.m2/repository/com/tngtech/archunit/archunit-junit5-engine/0.19.0/archunit-junit5-engine-0.19.0.jar
[INFO]   artifact: file:/Users/robert.mcroy/.m2/repository/com/tngtech/archunit/archunit-junit5-engine-api/0.19.0/archunit-junit5-engine-api-0.19.0.jar
[INFO]   artifact: file:/Users/robert.mcroy/.m2/repository/org/junit/platform/junit-platform-engine/1.7.2/junit-platform-engine-1.7.2.jar
[INFO]   artifact: file:/Users/robert.mcroy/.m2/repository/org/zalando/problem-spring-web/0.26.2/problem-spring-web-0.26.2.jar
[INFO]   artifact: file:/Users/robert.mcroy/.m2/repository/org/zalando/problem-violations/0.26.2/problem-violations-0.26.2.jar
[INFO]   artifact: file:/Users/robert.mcroy/.m2/repository/org/zalando/problem-spring-common/0.26.2/problem-spring-common-0.26.2.jar
[INFO]   artifact: file:/Users/robert.mcroy/.m2/repository/org/apiguardian/apiguardian-api/1.1.0/apiguardian-api-1.1.0.jar
[INFO]   artifact: file:/Users/robert.mcroy/.m2/repository/com/google/code/findbugs/jsr305/3.0.2/jsr305-3.0.2.jar
[INFO]   artifact: file:/Users/robert.mcroy/.m2/repository/org/zalando/problem/0.25.0/problem-0.25.0.jar
[INFO]   artifact: file:/Users/robert.mcroy/.m2/repository/org/zalando/jackson-datatype-problem/0.25.0/jackson-datatype-problem-0.25.0.jar
[INFO]   artifact: file:/Users/robert.mcroy/.m2/repository/org/zalando/faux-pas/0.8.0/faux-pas-0.8.0.jar
[INFO]   artifact: file:/Users/robert.mcroy/.m2/repository/javax/validation/validation-api/2.0.1.Final/validation-api-2.0.1.Final.jar
[INFO]   artifact: file:/Users/robert.mcroy/.m2/repository/org/springframework/boot/spring-boot-starter-websocket/2.4.7/spring-boot-starter-websocket-2.4.7.jar
[INFO]   artifact: file:/Users/robert.mcroy/.m2/repository/org/springframework/spring-messaging/5.3.8/spring-messaging-5.3.8.jar
[INFO]   artifact: file:/Users/robert.mcroy/.m2/repository/org/springframework/spring-websocket/5.3.8/spring-websocket-5.3.8.jar
[INFO]   artifact: file:/Users/robert.mcroy/.m2/repository/io/jsonwebtoken/jjwt-api/0.11.2/jjwt-api-0.11.2.jar
[INFO]   artifact: file:/Users/robert.mcroy/.m2/repository/io/jsonwebtoken/jjwt-impl/0.11.2/jjwt-impl-0.11.2.jar
[INFO]   artifact: file:/Users/robert.mcroy/.m2/repository/io/jsonwebtoken/jjwt-jackson/0.11.2/jjwt-jackson-0.11.2.jar
[INFO]   artifact: file:/Users/robert.mcroy/.m2/repository/org/springframework/security/spring-security-data/5.4.6/spring-security-data-5.4.6.jar
[INFO]   artifact: file:/Users/robert.mcroy/.m2/repository/org/springframework/data/spring-data-commons/2.4.9/spring-data-commons-2.4.9.jar
[INFO]   artifact: file:/Users/robert.mcroy/.m2/repository/io/micrometer/micrometer-registry-prometheus/1.6.7/micrometer-registry-prometheus-1.6.7.jar
[INFO]   artifact: file:/Users/robert.mcroy/.m2/repository/io/prometheus/simpleclient_common/0.9.0/simpleclient_common-0.9.0.jar
[INFO]   artifact: file:/Users/robert.mcroy/.m2/repository/io/prometheus/simpleclient/0.11.0/simpleclient-0.11.0.jar
[INFO]   artifact: file:/Users/robert.mcroy/.m2/repository/io/prometheus/simpleclient_tracer_otel/0.11.0/simpleclient_tracer_otel-0.11.0.jar
[INFO]   artifact: file:/Users/robert.mcroy/.m2/repository/io/prometheus/simpleclient_tracer_common/0.11.0/simpleclient_tracer_common-0.11.0.jar
[INFO]   artifact: file:/Users/robert.mcroy/.m2/repository/io/prometheus/simpleclient_tracer_otel_agent/0.11.0/simpleclient_tracer_otel_agent-0.11.0.jar
[INFO]   artifact: file:/Users/robert.mcroy/.m2/repository/io/dropwizard/metrics/metrics-core/4.1.22/metrics-core-4.1.22.jar
[INFO]   artifact: file:/Users/robert.mcroy/.m2/repository/org/springframework/security/spring-security-messaging/5.4.6/spring-security-messaging-5.4.6.jar
[INFO]   artifact: file:/Users/robert.mcroy/.m2/repository/org/springframework/spring-beans/5.3.8/spring-beans-5.3.8.jar
[INFO]   artifact: file:/Users/robert.mcroy/.m2/repository/org/springframework/spring-context/5.3.8/spring-context-5.3.8.jar
[INFO]   artifact: file:/Users/robert.mcroy/.m2/repository/org/springframework/spring-expression/5.3.8/spring-expression-5.3.8.jar
[INFO]   artifact: file:/Users/robert.mcroy/.m2/repository/org/springframework/boot/spring-boot-starter-undertow/2.4.7/spring-boot-starter-undertow-2.4.7.jar
[INFO]   artifact: file:/Users/robert.mcroy/.m2/repository/io/undertow/undertow-core/2.2.8.Final/undertow-core-2.2.8.Final.jar
[INFO]   artifact: file:/Users/robert.mcroy/.m2/repository/org/jboss/xnio/xnio-api/3.8.0.Final/xnio-api-3.8.0.Final.jar
[INFO]   artifact: file:/Users/robert.mcroy/.m2/repository/org/wildfly/common/wildfly-common/1.5.2.Final/wildfly-common-1.5.2.Final.jar
[INFO]   artifact: file:/Users/robert.mcroy/.m2/repository/org/wildfly/client/wildfly-client-config/1.0.1.Final/wildfly-client-config-1.0.1.Final.jar
[INFO]   artifact: file:/Users/robert.mcroy/.m2/repository/org/jboss/xnio/xnio-nio/3.8.0.Final/xnio-nio-3.8.0.Final.jar
[INFO]   artifact: file:/Users/robert.mcroy/.m2/repository/org/jboss/threads/jboss-threads/3.1.0.Final/jboss-threads-3.1.0.Final.jar
[INFO]   artifact: file:/Users/robert.mcroy/.m2/repository/io/undertow/undertow-servlet/2.2.8.Final/undertow-servlet-2.2.8.Final.jar
[INFO]   artifact: file:/Users/robert.mcroy/.m2/repository/org/jboss/spec/javax/annotation/jboss-annotations-api_1.3_spec/2.0.1.Final/jboss-annotations-api_1.3_spec-2.0.1.Final.jar
[INFO]   artifact: file:/Users/robert.mcroy/.m2/repository/io/undertow/undertow-websockets-jsr/2.2.8.Final/undertow-websockets-jsr-2.2.8.Final.jar
[INFO]   artifact: file:/Users/robert.mcroy/.m2/repository/org/jboss/spec/javax/websocket/jboss-websocket-api_1.1_spec/2.0.0.Final/jboss-websocket-api_1.1_spec-2.0.0.Final.jar
[INFO]   artifact: file:/Users/robert.mcroy/.m2/repository/jakarta/servlet/jakarta.servlet-api/4.0.4/jakarta.servlet-api-4.0.4.jar
[INFO]   artifact: file:/Users/robert.mcroy/.m2/repository/org/glassfish/jakarta.el/3.0.3/jakarta.el-3.0.3.jar
[INFO]   artifact: file:/Users/robert.mcroy/.m2/repository/org/springframework/boot/spring-boot-devtools/2.4.7/spring-boot-devtools-2.4.7.jar
[INFO]   artifact: file:/Users/robert.mcroy/dev/projects/jhipster/tutorial-jhipster-docker/target/classes/
[INFO]   artifact: file:/Users/robert.mcroy/dev/projects/jhipster/tutorial-jhipster-docker/target/test-classes/
[INFO] ------------------------------------------------------------------------
[project, pluginDescriptor]
[INFO] 
[INFO] 
[INFO] Liquibase Community 4.3.5 by Datical
[INFO] ####################################################
##   _     _             _ _                      ##
##  | |   (_)           (_) |                     ##
##  | |    _  __ _ _   _ _| |__   __ _ ___  ___   ##
##  | |   | |/ _` | | | | | '_ \ / _` / __|/ _ \  ##
##  | |___| | (_| | |_| | | |_) | (_| \__ \  __/  ##
##  \_____/_|\__, |\__,_|_|_.__/ \__,_|___/\___|  ##
##              | |                               ##
##              |_|                               ##
##                                                ## 
##  Get documentation at docs.liquibase.com       ##
##  Get certified courses at learn.liquibase.com  ## 
##  Free schema change activity reports at        ##
##      https://hub.liquibase.com                 ##
##                                                ##
####################################################
Starting Liquibase at 21:01:19 (version 4.3.5 #62 built at 2021-04-29 18:31+0000)
[INFO] Settings
----------------------------
[INFO]     driver: org.h2.Driver
[INFO]     url: jdbc:h2:file:/Users/robert.mcroy/dev/projects/jhipster/tutorial-jhipster-docker/target/h2db/db/my_simple_shop
[INFO]     username: my_simple_shop
[INFO]     password: *****
[INFO]     use empty password: false
[INFO]     properties file: null
[INFO]     properties file will override? false
[INFO]     prompt on non-local database? true
[INFO]     clear checksums? false
[INFO]     changeLogDirectory: null
[INFO]     changeLogFile: /Users/robert.mcroy/dev/projects/jhipster/tutorial-jhipster-docker/src/main/resources/config/liquibase/master.xml
[INFO]     context(s): !test
[INFO]     label(s): null
[INFO]     number of changes to apply: 0
[INFO]     drop first? false
[INFO] ------------------------------------------------------------------------
[INFO] Executing on Database: jdbc:h2:file:/Users/robert.mcroy/dev/projects/jhipster/tutorial-jhipster-docker/target/h2db/db/my_simple_shop
[INFO] Successfully acquired change log lock
[INFO] Reading from DATABASECHANGELOG
[INFO] Successfully released change log lock
[INFO] Successfully acquired change log lock
Skipping auto-registration
[WARNING] Skipping auto-registration
[INFO] Successfully released change log lock
[INFO] ------------------------------------------------------------------------
[INFO] 
[INFO] ------------------------------------------------------------------------
[INFO] BUILD SUCCESS
[INFO] ------------------------------------------------------------------------
[INFO] Total time:  3.617 s
[INFO] Finished at: 2023-01-17T21:01:21-05:00
[INFO] ------------------------------------------------------------------------
